// Jest Snapshot v1, https://goo.gl/fbAQLP

exports[`ForemanInventoryUpload render without Props 1`] = `
<PageLayout
  beforeToolbarComponent={<PageHeader />}
  header="Red Hat Inventory"
  searchable={false}
>
  <Grid
    bsClass="container"
    className="inventory-upload"
    componentClass="div"
    fluid={true}
  >
    <Connect(AccountList) />
  </Grid>
</PageLayout>
`;
