// Jest Snapshot v1, https://goo.gl/fbAQLP

exports[`PageDescription rendering render without Props 1`] = `
<div
  id="inventory_page_description"
>
  <p>
    Red Hat Insights is a set of cloud services which provide unified subscription reporting, predictive analysis and remediation of issues through this Satellite instance.
  </p>
  <p>
    You can toggle the Auto upload switch to the ON position to enable Satellite to automatically upload your host inventory once a day.
  </p>
  <p>
    Click Restart to upload your host inventory to Red Hat Insights. Perform this step for each organization from which you want to manually upload a host inventory.
  </p>
  <p>
    Enabling inventory uploads is required by subscription watch. For more information about subscription watch see link:
     
    <a
      href="https://access.redhat.com/documentation/en-us/subscription_central/2020-04/html/getting_started_with_subscription_watch/assembly-about-subscriptionwatch"
      rel="noopener noreferrer"
      target="_blank"
    >
      About subscription watch
    </a>
  </p>
  <p>
    For more information about Insights and Cloud Connector read
     
    <a
      href="https://console.redhat.com/security/insights/"
      rel="noopener noreferrer"
      target="_blank"
    >
      Red Hat Insights Data and Application Security
    </a>
  </p>
</div>
`;
