// Jest Snapshot v1, https://goo.gl/fbAQLP

exports[`IpsObfuscationSwitcher rendering render with props 1`] = `
<div
  className="ips_obfuscation_switcher"
>
  <SwitcherPF4
    id="ips-obfuscation-settings-switcher"
    isChecked={true}
    label="Obfuscate host ipv4 addresses"
    onChange={[Function]}
    tooltip="Obfuscate ipv4 addresses sent to the Red Hat cloud"
  />
</div>
`;
