// Jest Snapshot v1, https://goo.gl/fbAQLP

exports[`TabHeader rendering render without Props 1`] = `
<Row
  bsClass="row"
  className="tab-header"
  componentClass="div"
>
  <Col
    bsClass="col"
    componentClass="div"
    sm={6}
  >
    <p>
      Exit Code: 
    </p>
  </Col>
  <Col
    bsClass="col"
    componentClass="div"
    sm={6}
  >
    <div
      className="tab-action-buttons"
    >
      <Button
        onClick={[Function]}
        variant="secondary"
      >
        Full Screen
        <Icon
          name="arrows-alt"
          type="fa"
        />
      </Button>
    </div>
  </Col>
</Row>
`;
