// Jest Snapshot v1, https://goo.gl/fbAQLP

exports[`TabHeader rendering render without Props 1`] = `
<Row
  bsClass="row"
  className="tab-header"
  componentClass="div"
>
  <Col
    bsClass="col"
    componentClass="div"
    sm={7}
  >
    <p>
      Exit Code: 
    </p>
  </Col>
  <Col
    bsClass="col"
    componentClass="div"
    sm={5}
  >
    <Button
      active={false}
      block={false}
      bsClass="btn"
      bsStyle="primary"
      disabled={false}
      onClick={[Function]}
    >
      Restart
    </Button>
  </Col>
</Row>
`;
