// Jest Snapshot v1, https://goo.gl/fbAQLP

exports[`ReportGenerate rendering render with Props 1`] = `
<TabContainer
  className="report-generate"
>
  <TabHeader
    exitCode={0}
    onRestart={[Function]}
  />
  <TabBody
    completed={0}
    error={null}
    loading={false}
    logs={
      Array [
        "No running process",
      ]
    }
  />
</TabContainer>
`;

exports[`ReportGenerate rendering render without Props 1`] = `
<TabContainer
  className="report-generate"
>
  <TabHeader
    exitCode={0}
    onRestart={[Function]}
  />
  <TabBody
    completed={0}
    error={null}
    loading={false}
    logs={
      Array [
        "No running process",
      ]
    }
  />
</TabContainer>
`;
