// Jest Snapshot v1, https://goo.gl/fbAQLP

exports[`ReportGenerate selectors should return ReportGenerate 1`] = `
Object {
  "processID": 0,
  "status": "some-status",
}
`;

exports[`ReportGenerate selectors should return ReportGenerate completed 1`] = `50`;

exports[`ReportGenerate selectors should return ReportGenerate loading 1`] = `false`;

exports[`ReportGenerate selectors should return ReportGenerate logs 1`] = `
Array [
  "some-logs...",
]
`;

exports[`ReportGenerate selectors should return ReportGenerate processID 1`] = `0`;
