// Jest Snapshot v1, https://goo.gl/fbAQLP

exports[`ReportGenerate reducer should handle REPORT_GENERATE_LOGS_POLLING_START 1`] = `
Object {
  "processID": 0,
  "status": "stopped",
}
`;

exports[`ReportGenerate reducer should return the initial state 1`] = `
Object {
  "processID": 0,
  "status": "stopped",
}
`;
