// Jest Snapshot v1, https://goo.gl/fbAQLP

exports[`ReportGenerate rendering render without Props 1`] = `
<TabContainer
  className="report-generate"
>
  <TabHeader
    exitCode={0}
    onRestart={[Function]}
  />
  <TabBody
    completed={0}
    loading={false}
    logs={
      Array [
        "No running process",
      ]
    }
  />
  <TabFooter>
    <ScheduledRun
      time="00:00"
    />
  </TabFooter>
</TabContainer>
`;
