// Jest Snapshot v1, https://goo.gl/fbAQLP

exports[`Tree rendering render without Props 1`] = `
<Col
  bsClass="col"
  componentClass="div"
  sm={9}
>
  <p>
    There are currently 
    0
     report files ready
  </p>
  <Tree
    canHide={true}
    content="Reports"
    open={true}
    visible={true}
  />
</Col>
`;
