// Jest Snapshot v1, https://goo.gl/fbAQLP

exports[`ReportUpload reducer should handle REPORT_UPLOAD_LOGS_POLLING_START 1`] = `
Object {
  "processID": 0,
  "status": "stopped",
}
`;

exports[`ReportUpload reducer should return the initial state 1`] = `
Object {
  "processID": 0,
  "status": "stopped",
}
`;
