// Jest Snapshot v1, https://goo.gl/fbAQLP

exports[`ReportUpload rendering render without Props 1`] = `
<div
  className="report-upload"
>
  <Grid
    bsClass="container"
    componentClass="div"
    fluid={true}
  >
    <Row
      bsClass="row"
      className="tab-header"
      componentClass="div"
    >
      <Col
        bsClass="col"
        componentClass="div"
        sm={4}
      >
        <h1>
          # Exit Code: 
          0
        </h1>
      </Col>
      <Col
        bsClass="col"
        componentClass="div"
        sm={4}
        smOffset={4}
      >
        <Button
          active={false}
          block={false}
          bsClass="btn"
          bsStyle="primary"
          disabled={false}
        >
          Restart
        </Button>
      </Col>
    </Row>
    <Row
      bsClass="row"
      componentClass="div"
    >
      <Col
        bsClass="col"
        componentClass="div"
        sm={12}
      >
        <div
          className="terminal"
        >
          <Grid
            bsClass="container"
            componentClass="div"
            fluid={true}
          >
            <Row
              bsClass="row"
              componentClass="div"
            >
              <Col
                bsClass="col"
                componentClass="div"
                sm={12}
              >
                <p>
                  Generating...
                </p>
              </Col>
            </Row>
          </Grid>
        </div>
      </Col>
    </Row>
    <Row
      bsClass="row"
      componentClass="div"
    >
      <div
        className="tab-footer"
      >
        <Col
          bsClass="col"
          componentClass="div"
          sm={9}
        >
          <Tree
            canHide={true}
            content="Reports"
            open={true}
            visible={true}
          >
            <Tree
              canHide={false}
              content="10917891726287"
              open={false}
              visible={true}
            />
            <Tree
              canHide={false}
              content="54546578333223"
              open={false}
              visible={true}
            />
            <Tree
              canHide={false}
              content="87349928940012"
              open={false}
              visible={true}
            />
            <Tree
              canHide={false}
              content="29812389900028"
              open={false}
              visible={true}
            />
            <Tree
              canHide={false}
              content="45893458039458"
              open={false}
              visible={true}
            />
            <Tree
              canHide={false}
              content="23434556456754"
              open={false}
              visible={true}
            />
          </Tree>
        </Col>
        <Col
          bsClass="col"
          componentClass="div"
          sm={3}
        >
          <Button
            active={false}
            block={false}
            bsClass="btn"
            bsStyle="default"
            disabled={false}
          >
            Download Files 
            <Icon
              name="download"
              type="fa"
            />
          </Button>
        </Col>
      </div>
    </Row>
  </Grid>
</div>
`;
