// Jest Snapshot v1, https://goo.gl/fbAQLP

exports[`ReportUpload rendering render without Props 1`] = `
<TabContainer
  className="report-upload"
>
  <TabHeader
    exitCode={0}
    onRestartClick={[Function]}
  />
  <Terminal />
  <TabFooter>
    <Tree
      files={Array []}
    />
    <FileDownload
      onClick={[Function]}
    />
  </TabFooter>
</TabContainer>
`;
