// Jest Snapshot v1, https://goo.gl/fbAQLP

exports[`HostObfuscationSwitcher rendering render with props 1`] = `
<div
  className="host_obfuscation_switcher"
>
  <SwitcherPF4
    id="host-obfuscation-setting-switcher"
    isChecked={true}
    label="Obfuscate host names"
    onChange={[Function]}
    tooltip="Obfuscate host names sent to the Red Hat cloud"
  />
</div>
`;
