// Jest Snapshot v1, https://goo.gl/fbAQLP

exports[`InsightsSettings rendering render without Props 1`] = `
<div
  className="insights_settings"
>
  <SwitcherPF4
    id="insights_sync_switcher"
    isChecked={false}
    label="Sync automatically"
    onChange={[Function]}
    tooltip="Enable automatic synchronization of Insights recommendations from the Red Hat cloud"
  />
</div>
`;
