// Jest Snapshot v1, https://goo.gl/fbAQLP

exports[`Terminal reducer should handle TERMINAL_CHANGE_BOOL 1`] = `
Object {
  "logs": Array [
    "Generating...",
    "Hosts: 1000",
    "writing host 1/1000",
    "writing host 2/1000",
  ],
}
`;

exports[`Terminal reducer should return the initial state 1`] = `
Object {
  "logs": Array [
    "No running process",
  ],
}
`;
