// Jest Snapshot v1, https://goo.gl/fbAQLP

exports[`Terminal actions should getLogs 1`] = `
Array [
  Array [
    Object {
      "payload": Object {
        "logs": Array [
          "Generating...",
          "Hosts: 1000",
          "writing host 1/1000",
          "writing host 2/1000",
        ],
      },
      "type": "TERMINAL_GET_LOGS",
    },
  ],
]
`;
