// Jest Snapshot v1, https://goo.gl/fbAQLP

exports[`UploadsDashboard rendering render without Props 1`] = `
<div
  className="uploads"
>
  <StepGroup
    attached="top"
  >
    <Step
      active={true}
      icon="database"
    >
      Retrieving Data
    </Step>
    <Step
      disabled={true}
      icon="cloud-upload"
    >
      Uploading
    </Step>
    <Step
      disabled={true}
      icon="check"
    >
      Complete
    </Step>
  </StepGroup>
  <Segment
    attached={true}
  >
    <Image
      as="img"
      src="https://react.semantic-ui.com/images/wireframe/paragraph.png"
      ui={true}
    />
  </Segment>
</div>
`;
