// Jest Snapshot v1, https://goo.gl/fbAQLP

exports[`ForemanRhCloud helpers should return inventory wrapper 1`] = `
Object {
  "ForemanRhCloud": Object {
    "InsightsCloudSync": Object {
      "inventoryChildren": null,
    },
    "inventoryUpload": Object {
      "inventoryChildren": null,
    },
  },
}
`;
