// Jest Snapshot v1, https://goo.gl/fbAQLP

exports[`ExcludePackagesSwitcher rendering render with props 1`] = `
<div
  className="exclude_packages_switcher"
>
  <SwitcherPF4
    id="exclude-packages-setting-switcher"
    isChecked={true}
    label="Exclude Packages"
    onChange={[Function]}
    tooltip="Exclude packages from being uploaded to the Red Hat cloud"
  />
</div>
`;
