// Jest Snapshot v1, https://goo.gl/fbAQLP

exports[`TabBody rendering render without Props 1`] = `
<Row
  bsClass="row"
  componentClass="div"
>
  <StatusChart
    completed={0}
  />
  <Terminal
    loading={false}
    logs={
      Array [
        "No running process",
      ]
    }
  />
</Row>
`;
