// Jest Snapshot v1, https://goo.gl/fbAQLP

exports[`ListItem rendering render with Props 1`] = `
<AccordionItem>
  <AccordionToggle
    isExpanded={false}
    onClick={[Function]}
  >
    <span>
      <Label
        className="account-icon"
        color="blue"
        icon={<UserIcon />}
        variant="outline"
      />
      test
    </span>
    <ListItemStatus
      account={
        Object {
          "test": Object {
            "generate_report_status": "unknown",
            "id": 1,
            "upload_report_status": "unknown",
          },
        }
      }
      key="test_status"
    />
  </AccordionToggle>
  <AccordionContent
    isHidden={true}
  >
    <Connect(Dashboard)
      account={
        Object {
          "test": Object {
            "generate_report_status": "unknown",
            "id": 1,
            "upload_report_status": "unknown",
          },
        }
      }
    />
  </AccordionContent>
</AccordionItem>
`;
