// Jest Snapshot v1, https://goo.gl/fbAQLP

exports[`ListItem rendering render with Props 1`] = `
<AccordionItem>
  <AccordionToggle
    isExpanded={false}
    onClick={[Function]}
  >
    <span>
      <Label
        className="account-icon"
        color="blue"
        icon={
          <UserIcon
            color="currentColor"
            noVerticalAlign={false}
            size="sm"
          />
        }
        variant="outline"
      />
      default_org_name
    </span>
    <ListItemStatus
      account={
        Object {
          "generate_report_status": "unknown",
          "label": "default_org_name",
          "upload_report_status": "unknown",
        }
      }
      key="1_status"
    />
  </AccordionToggle>
  <AccordionContent
    isHidden={true}
  >
    <Connect(Dashboard)
      account={
        Object {
          "generate_report_status": "unknown",
          "label": "default_org_name",
          "upload_report_status": "unknown",
        }
      }
      accountID="1"
    />
  </AccordionContent>
</AccordionItem>
`;
