// Jest Snapshot v1, https://goo.gl/fbAQLP

exports[`InventoryFilter integration test should flow: filter have been updated 1`] = `
Object {
  "action": Array [
    Array [
      Object {
        "payload": Object {
          "filterTerm": "some-org",
        },
        "type": "INVENTORY_FILTER_UPDATE",
      },
    ],
  ],
  "state": Object {
    "ForemanRhCloud": Object {
      "InsightsCloudSync": Object {
        "settings": Object {
          "insightsSyncEnabled": false,
        },
        "table": Object {
          "isAllSelected": false,
          "selectedIds": Object {},
          "showSelectAllAlert": false,
        },
      },
      "hostInsights": Object {
        "hits": Array [],
      },
      "inventoryUpload": Object {
        "accountsList": Object {
          "accounts": Object {},
          "error": null,
          "pollingProcessID": 0,
        },
        "dashboard": Object {},
        "inventoryFilter": Object {
          "filterTerm": "some-org",
        },
      },
    },
  },
}
`;
