// Jest Snapshot v1, https://goo.gl/fbAQLP

exports[`AccountList rendering render with props 1`] = `
<ListView
  className=""
>
  <ListItem
    initExpanded={true}
    key="0"
    name="Account1"
    status={
      Object {
        "generating": "running",
        "uploading": "running",
      }
    }
  />
  <ListItem
    initExpanded={false}
    key="1"
    name="Account2"
    status={
      Object {
        "generating": "failure",
        "uploading": "stopped",
      }
    }
  />
  <ListItem
    initExpanded={false}
    key="2"
    name="Account3"
    status={
      Object {
        "generating": "running",
        "uploading": "success",
      }
    }
  />
</ListView>
`;

exports[`AccountList rendering render without Props 1`] = `<yupanaEmptyState />`;
