// Jest Snapshot v1, https://goo.gl/fbAQLP

exports[`Insights cloud sync actions should syncInsights 1`] = `
Array [
  Array [
    Object {
      "errorToast": [Function],
      "handleSuccess": [Function],
      "key": "INSIGHTS_CLOUD_SYNC",
      "type": "post-some-type",
      "url": "/insights_cloud/tasks",
    },
  ],
]
`;
