// Jest Snapshot v1, https://goo.gl/fbAQLP

exports[`TabBody rendering render without Props 1`] = `
<Row
  bsClass="row"
  className="tab_body"
  componentClass="div"
>
  <Terminal
    autoScroll={true}
    error={null}
    exitCode=""
    logs={null}
  />
  <Connect(ScheduledRun)
    date={null}
  />
</Row>
`;
