// Jest Snapshot v1, https://goo.gl/fbAQLP

exports[`InsightsSyncSwitcher rendering render with props 1`] = `
<SwitcherPF4
  id="insights_sync_switcher"
  isChecked={true}
  label="Sync automatically"
  onChange={[Function]}
  tooltip="Enable automatic synchronization of Insights recommendations from the Red Hat cloud"
/>
`;
