// Jest Snapshot v1, https://goo.gl/fbAQLP

exports[`PageHeader rendering render without Props 1`] = `
<Fragment>
  <Row
    bsClass="row"
    componentClass="div"
  >
    <Col
      bsClass="col"
      componentClass="div"
      xs={6}
    >
      <h1
        className="inventory_title"
      >
        Red Hat Inventory
      </h1>
    </Col>
  </Row>
  <Row
    bsClass="row"
    componentClass="div"
  >
    <Col
      bsClass="col"
      componentClass="div"
      xs={9}
    >
      <PageDescription />
    </Col>
    <Col
      bsClass="col"
      componentClass="div"
      xs={3}
    >
      <InventorySettings />
    </Col>
  </Row>
  <Row
    bsClass="row"
    componentClass="div"
  >
    <Col
      bsClass="col"
      componentClass="div"
      xs={4}
    >
      <Connect(InventoryFilter) />
    </Col>
    <Col
      bsClass="col"
      componentClass="div"
      xs={4}
      xsOffset={4}
    >
      <ToolbarButtons />
    </Col>
  </Row>
</Fragment>
`;
