// Jest Snapshot v1, https://goo.gl/fbAQLP

exports[`PageHeader rendering render without Props 1`] = `
<Fragment>
  <Row
    bsClass="row"
    componentClass="div"
  >
    <Col
      bsClass="col"
      componentClass="div"
      xs={12}
    >
      <h1
        className="inventory_title"
      >
        Red Hat Inventory Uploads
      </h1>
    </Col>
  </Row>
  <Row
    bsClass="row"
    componentClass="div"
  >
    <Col
      bsClass="col"
      componentClass="div"
      xs={3}
    >
      <Connect(InventoryFilter) />
    </Col>
    <Col
      bsClass="col"
      componentClass="div"
      xs={4}
      xsOffset={5}
    >
      <Connect(AutoUploadSwitcher) />
    </Col>
  </Row>
</Fragment>
`;
