// Jest Snapshot v1, https://goo.gl/fbAQLP

exports[`AccountList actions should fetchAccountsStatus 1`] = `
Array [
  Array [
    Object {
      "payload": Object {
        "accounts": Object {
          "Account1": Object {
            "generate_report_status": "running",
            "id": 1,
            "upload_report_status": "running",
          },
          "Account2": Object {
            "generate_report_status": "failure",
            "id": 2,
            "upload_report_status": "unknown",
          },
          "Account3": Object {
            "generate_report_status": "running",
            "id": 3,
            "upload_report_status": "success",
          },
        },
        "autoUploadEnabled": true,
        "cloudToken": "some-cloud-token",
        "excludePackages": false,
        "hostObfuscationEnabled": true,
        "ipsObfuscationEnabled": true,
      },
      "type": "INVENTORY_ACCOUNT_STATUS_POLLING",
    },
  ],
]
`;

exports[`AccountList actions should invoke toast notification upon failure 1`] = `
Array [
  Array [
    Object {
      "payload": Object {
        "message": Object {
          "message": "test error",
          "sticky": true,
          "type": "error",
        },
      },
      "type": "TOASTS_ADD",
    },
  ],
]
`;

exports[`AccountList actions should restartProcess 1`] = `
Array [
  Array [
    Object {
      "payload": Object {
        "accountID": "some-account-ID",
        "processStatusName": "generate_report_status",
      },
      "type": "INVENTORY_PROCESS_RESTART",
    },
  ],
]
`;

exports[`AccountList actions should startAccountStatusPolling 1`] = `
Object {
  "payload": Object {
    "pollingProcessID": 0,
  },
  "type": "INVENTORY_ACCOUNT_STATUS_POLLING_START",
}
`;

exports[`AccountList actions should stopAccountStatusPolling 1`] = `
Array [
  Array [
    Object {
      "type": "INVENTORY_ACCOUNT_STATUS_POLLING_STOP",
    },
  ],
]
`;
