// Jest Snapshot v1, https://goo.gl/fbAQLP

exports[`AccountList rendering render with props 1`] = `
<Accordion
  className="account-list"
>
  <ListItem
    account={
      Object {
        "generate_report_status": "running",
        "id": 1,
        "upload_report_status": "running",
      }
    }
    defaultExpanded={true}
    key="Account1"
    label="Account1"
    onTaskStart={[Function]}
  />
  <ListItem
    account={
      Object {
        "generate_report_status": "failure",
        "id": 2,
        "upload_report_status": "unknown",
      }
    }
    defaultExpanded={false}
    key="Account2"
    label="Account2"
    onTaskStart={[Function]}
  />
  <ListItem
    account={
      Object {
        "generate_report_status": "running",
        "id": 3,
        "upload_report_status": "success",
      }
    }
    defaultExpanded={false}
    key="Account3"
    label="Account3"
    onTaskStart={[Function]}
  />
</Accordion>
`;

exports[`AccountList rendering show empty results 1`] = `<inventoryEmptyResults />`;
