// Jest Snapshot v1, https://goo.gl/fbAQLP

exports[`SyncButton rendering render with Props 1`] = `
<Fragment>
  <SyncModal
    show={false}
    toggleModal={[Function]}
  />
  <Button
    className="sync_button"
    isDisabled={false}
    onClick={[Function]}
    size="lg"
    variant="secondary"
  >
    <RedoIcon
      color="currentColor"
      noVerticalAlign={false}
      size="sm"
    />
     Sync inventory status
  </Button>
</Fragment>
`;
