// Jest Snapshot v1, https://goo.gl/fbAQLP

exports[`SyncButton rendering render with Props 1`] = `
<Fragment>
  <SyncModal
    show={false}
    toggleModal={[Function]}
  />
  <Button
    active={false}
    block={false}
    bsClass="btn"
    bsSize="lg"
    bsStyle="default"
    className="sync_button"
    disabled={false}
    onClick={[Function]}
  >
    <Icon
      name="refresh"
      type="fa"
    />
     Sync inventory status
  </Button>
</Fragment>
`;
