// Jest Snapshot v1, https://goo.gl/fbAQLP

exports[`SyncButton actions should handleSync 1`] = `
Array [
  Array [
    Object {
      "errorToast": [Function],
      "handleSuccess": [Function],
      "key": "INVENTORY_SYNC",
      "type": "post-some-type",
      "url": "/foreman_inventory_upload/tasks",
    },
  ],
]
`;

exports[`SyncButton actions should handleSync with custom error message 1`] = `
Array [
  Array [
    Object {
      "errorToast": [Function],
      "handleSuccess": [Function],
      "key": "INVENTORY_SYNC",
      "type": "post-some-type",
      "url": "/foreman_inventory_upload/tasks",
    },
  ],
]
`;

exports[`SyncButton actions should handleSync with error message 1`] = `
Array [
  Array [
    Object {
      "errorToast": [Function],
      "handleSuccess": [Function],
      "key": "INVENTORY_SYNC",
      "type": "post-some-type",
      "url": "/foreman_inventory_upload/tasks",
    },
  ],
]
`;
