// Jest Snapshot v1, https://goo.gl/fbAQLP

exports[`AutoUploadSwitcher rendering render with props 1`] = `
<div
  className="auto_upload_switcher"
>
  <SwitcherPF4
    id="auto-upload-setting-switcher"
    isChecked={true}
    label="Auto upload (enabled by default)"
    onChange={[Function]}
    tooltip="Enable automatic upload of your hosts inventory to the Red Hat cloud"
  />
</div>
`;
