// Jest Snapshot v1, https://goo.gl/fbAQLP

exports[`ListItem rendering render with Props 1`] = `
<ListViewItem
  actions={null}
  additionalInfo={
    Array [
      <ListItemStatus
        status={
          Object {
            "generating": "stopped",
            "uploading": "stopped",
          }
        }
      />,
    ]
  }
  checkboxInput={null}
  compoundExpand={false}
  compoundExpanded={false}
  description={null}
  heading="some-name"
  hideCloseIcon={true}
  initExpanded={false}
  leftContent={
    <ListViewIcon
      className=""
      name="user"
      size="sm"
      type="fa"
    />
  }
  onCloseCompoundExpand={[Function]}
  onExpand={[Function]}
  onExpandClose={[Function]}
  stacked={true}
>
  <Connect(Dashboard)
    accountID="some-name"
  />
</ListViewItem>
`;
